2026-05-24T00:58:48 | INFO     | ────────────────────────────────────────────────────────────
2026-05-24T00:58:48 | INFO     | SESSION START — 2026-05-24 00:58:48
2026-05-24T00:58:48 | INFO     | ────────────────────────────────────────────────────────────
2026-05-24T01:01:44 | INFO     | [FILE_WRITE] {"action": "WRITE", "drive": "F:", "file": "F:\\Password.txt", "size_kb": 0.01, "fingerprint": "1b2cbd18e54ca293a1f38d9d...", "timestamp": "2026-05-24T01:01:44.917356"}
2026-05-24T01:05:38 | INFO     | SESSION END   — 2026-05-24 01:05:38
2026-05-24T01:05:38 | INFO     | ────────────────────────────────────────────────────────────
2026-05-24T01:05:57 | INFO     | ────────────────────────────────────────────────────────────
2026-05-24T01:05:57 | INFO     | SESSION START — 2026-05-24 01:05:57
2026-05-24T01:05:57 | INFO     | ────────────────────────────────────────────────────────────
2026-05-24T01:08:38 | INFO     | SESSION END   — 2026-05-24 01:08:38
2026-05-24T01:08:38 | INFO     | ────────────────────────────────────────────────────────────
2026-05-24T01:08:46 | INFO     | ────────────────────────────────────────────────────────────
2026-05-24T01:08:46 | INFO     | SESSION START — 2026-05-24 01:08:46
2026-05-24T01:08:46 | INFO     | ────────────────────────────────────────────────────────────
2026-05-24T01:11:58 | INFO     | SESSION END   — 2026-05-24 01:11:58
2026-05-24T01:11:58 | INFO     | ────────────────────────────────────────────────────────────
2026-05-24T01:12:05 | INFO     | ────────────────────────────────────────────────────────────
2026-05-24T01:12:05 | INFO     | SESSION START — 2026-05-24 01:12:05
2026-05-24T01:12:05 | INFO     | ────────────────────────────────────────────────────────────
2026-05-24T01:15:07 | INFO     | [FILE_WRITE] {"action": "WRITE", "drive": "F:", "file": "F:\\passwords.txt", "size_kb": 0.0, "fingerprint": "1b2cbd18e54ca293a1f38d9d...", "timestamp": "2026-05-24T01:15:07.550088"}
2026-05-24T01:17:57 | INFO     | SESSION END   — 2026-05-24 01:17:57
2026-05-24T01:17:57 | INFO     | ────────────────────────────────────────────────────────────
