2026-05-24T00:58:48 | INFO     | ────────────────────────────────────────────────────────────
2026-05-24T00:58:48 | INFO     | SESSION START — 2026-05-24 00:58:48
2026-05-24T00:58:48 | INFO     | ────────────────────────────────────────────────────────────
2026-05-24T00:58:52 | INFO     | [USB_REMOVED] Drive=F: disconnected from endpoint.
2026-05-24T00:58:55 | INFO     | [USB_CONNECTED] Drive=F: | Label=USB 1 | Total=29.51GB | Free=7.67GB
2026-05-24T00:58:55 | INFO     | [DEVICE_FINGERPRINTED] Drive=F: | VID=ACER | PID=USB_FLASH_DRIVE | Serial=2305054802266º | Fingerprint=1b2cbd18e54ca293a1f38d9d...
2026-05-24T00:58:56 | INFO     | [AUDIT_START] File transfer auditing started on F:
2026-05-24T01:05:35 | WARNING  | [HIGH_RISK_TRANSFER] Drive=F: | File=F:\Password.txt | Size=0.01KB | Reason=Sensitive filename keyword detected: password.txt
2026-05-24T01:05:38 | INFO     | [AUDIT_STOP] File transfer auditing stopped on F:
2026-05-24T01:05:38 | INFO     | SESSION END   — 2026-05-24 01:05:38
2026-05-24T01:05:38 | INFO     | ────────────────────────────────────────────────────────────
2026-05-24T01:05:38 | INFO     | [REPORT_GENERATED] Security report written to: reports\final_usb_report.txt
2026-05-24T01:05:57 | INFO     | ────────────────────────────────────────────────────────────
2026-05-24T01:05:57 | INFO     | SESSION START — 2026-05-24 01:05:57
2026-05-24T01:05:57 | INFO     | ────────────────────────────────────────────────────────────
2026-05-24T01:06:04 | INFO     | [USB_CONNECTED] Drive=F: | Label=USB 1 | Total=29.51GB | Free=7.67GB
2026-05-24T01:06:04 | INFO     | [DEVICE_FINGERPRINTED] Drive=F: | VID=ACER | PID=USB_FLASH_DRIVE | Serial=2305054802266º | Fingerprint=1b2cbd18e54ca293a1f38d9d...
2026-05-24T01:06:05 | INFO     | [AUDIT_START] File transfer auditing started on F:
2026-05-24T01:06:39 | INFO     | [AUDIT_STOP] File transfer auditing stopped on F:
2026-05-24T01:06:39 | INFO     | [USB_REMOVED] Drive=F: disconnected from endpoint.
2026-05-24T01:06:43 | INFO     | [USB_CONNECTED] Drive=F: | Label=USB 1 | Total=29.51GB | Free=7.67GB
2026-05-24T01:06:44 | INFO     | [DEVICE_FINGERPRINTED] Drive=F: | VID=ACER | PID=USB_FLASH_DRIVE | Serial=2305054802266º | Fingerprint=1b2cbd18e54ca293a1f38d9d...
2026-05-24T01:06:44 | INFO     | [AUDIT_START] File transfer auditing started on F:
2026-05-24T01:08:38 | INFO     | [AUDIT_STOP] File transfer auditing stopped on F:
2026-05-24T01:08:38 | INFO     | SESSION END   — 2026-05-24 01:08:38
2026-05-24T01:08:38 | INFO     | ────────────────────────────────────────────────────────────
2026-05-24T01:08:38 | INFO     | [REPORT_GENERATED] Security report written to: reports\final_usb_report.txt
2026-05-24T01:08:46 | INFO     | ────────────────────────────────────────────────────────────
2026-05-24T01:08:46 | INFO     | SESSION START — 2026-05-24 01:08:46
2026-05-24T01:08:46 | INFO     | ────────────────────────────────────────────────────────────
2026-05-24T01:08:52 | INFO     | [USB_CONNECTED] Drive=F: | Label=USB 1 | Total=29.51GB | Free=7.67GB
2026-05-24T01:08:52 | INFO     | [DEVICE_FINGERPRINTED] Drive=F: | VID=ACER | PID=USB_FLASH_DRIVE | Serial=2305054802266º | Fingerprint=1b2cbd18e54ca293a1f38d9d...
2026-05-24T01:08:53 | INFO     | [AUDIT_START] File transfer auditing started on F:
2026-05-24T01:10:31 | INFO     | [AUDIT_STOP] File transfer auditing stopped on F:
2026-05-24T01:10:40 | INFO     | [USB_REMOVED] Drive=F: disconnected from endpoint.
2026-05-24T01:10:42 | INFO     | [USB_CONNECTED] Drive=F: | Label=USB 1 | Total=29.51GB | Free=7.67GB
2026-05-24T01:10:42 | INFO     | [DEVICE_FINGERPRINTED] Drive=F: | VID=ACER | PID=USB_FLASH_DRIVE | Serial=2305054802266º | Fingerprint=1b2cbd18e54ca293a1f38d9d...
2026-05-24T01:10:43 | INFO     | [AUDIT_START] File transfer auditing started on F:
2026-05-24T01:11:58 | INFO     | [AUDIT_STOP] File transfer auditing stopped on F:
2026-05-24T01:11:58 | INFO     | SESSION END   — 2026-05-24 01:11:58
2026-05-24T01:11:58 | INFO     | ────────────────────────────────────────────────────────────
2026-05-24T01:11:58 | INFO     | [REPORT_GENERATED] Security report written to: reports\final_usb_report.txt
2026-05-24T01:12:05 | INFO     | ────────────────────────────────────────────────────────────
2026-05-24T01:12:05 | INFO     | SESSION START — 2026-05-24 01:12:05
2026-05-24T01:12:05 | INFO     | ────────────────────────────────────────────────────────────
2026-05-24T01:12:16 | INFO     | [USB_REMOVED] Drive=F: disconnected from endpoint.
2026-05-24T01:12:20 | INFO     | [USB_CONNECTED] Drive=F: | Label=USB 1 | Total=29.51GB | Free=7.67GB
2026-05-24T01:12:20 | INFO     | [DEVICE_FINGERPRINTED] Drive=F: | VID=ACER | PID=USB_FLASH_DRIVE | Serial=2305054802266º | Fingerprint=1b2cbd18e54ca293a1f38d9d...
2026-05-24T01:12:20 | INFO     | [DEVICE_AUTHORIZED] F: | Device matches ALLOWLIST entry: Acer USB Flash Drive — Authorized
2026-05-24T01:12:21 | INFO     | [AUDIT_START] File transfer auditing started on F:
2026-05-24T01:15:07 | WARNING  | [HIGH_RISK_TRANSFER] Drive=F: | File=F:\passwords.txt | Size=0.0KB | Reason=Sensitive filename keyword detected: passwords.txt
2026-05-24T01:17:57 | INFO     | [AUDIT_STOP] File transfer auditing stopped on F:
2026-05-24T01:17:57 | INFO     | SESSION END   — 2026-05-24 01:17:57
2026-05-24T01:17:57 | INFO     | ────────────────────────────────────────────────────────────
2026-05-24T01:17:57 | INFO     | [REPORT_GENERATED] Security report written to: reports\final_usb_report.txt
